ho_business_01 stop (5, 5, 'equilibrium_d_r') tokens 4678
ho_business_02 stop (7, 7, 'equilibrium_d_r') tokens 11439
ho_business_03 stop (3, 3, 'saturation') tokens 1875
ho_business_04 stop (7, 7, 'equilibrium_d_r') tokens 11753
ho_business_05 stop (3, 3, 'saturation') tokens 3897
ho_business_06 stop (3, 3, 'saturation') tokens 3889
ho_technical_01 stop (3, 3, 'saturation') tokens 5206
ho_technical_02 stop (3, 3, 'saturation') tokens 3723
ho_technical_03 stop (7, 7, 'equilibrium_d_r') tokens 12059
ho_technical_04 stop (8, 8, 'equilibrium_d_r') tokens 16072
ho_technical_05 stop (3, 3, 'saturation') tokens 3401
ho_technical_06 stop (3, 3, 'saturation') tokens 5453
ho_marketing_01 stop (6, 6, 'equilibrium_d_r') tokens 4453
ho_marketing_02 stop (3, 3, 'saturation') tokens 4286
ho_marketing_03 stop (7, 7, 'equilibrium_d_r') tokens 7501
ho_marketing_04 stop (8, 8, 'hard_cap') tokens 8854
ho_marketing_05 stop (8, 8, 'equilibrium_d_r') tokens 7998
ho_marketing_06 stop (8, 8, 'equilibrium_d_r') tokens 6225
ho_academic_01 stop (8, 8, 'hard_cap') tokens 2872
ho_academic_02 stop (3, 3, 'saturation') tokens 2552
ho_academic_03 stop (7, 7, 'equilibrium_d_r') tokens 8010
ho_academic_04 stop (3, 3, 'saturation') tokens 1658
ho_academic_05 stop (8, 8, 'loop') tokens 4385
ho_academic_06 stop (5, 5, 'equilibrium_d_r') tokens 3453
ho_public_01 stop (3, 3, 'saturation') tokens 1930
ho_public_02 stop (8, 8, 'hard_cap') tokens 4858
ho_public_03 stop (3, 3, 'saturation') tokens 1979
ho_public_04 stop (3, 3, 'saturation') tokens 2219
ho_public_05 stop (8, 8, 'hard_cap') tokens 6172
ho_public_06 stop (8, 8, 'hard_cap') tokens 4854
ho_customer_support_01 stop (8, 8, 'hard_cap') tokens 6018
ho_customer_support_02 stop (8, 8, 'hard_cap') tokens 4713
ho_customer_support_03 stop (8, 8, 'hard_cap') tokens 4540
ho_customer_support_04 stop (8, 8, 'hard_cap') tokens 5676
ho_customer_support_05 stop (8, 8, 'hard_cap') tokens 5965
ho_customer_support_06 stop (6, 6, 'equilibrium_d_r') tokens 3897
ho_internal_01 stop (8, 8, 'hard_cap') tokens 7454
ho_internal_02 stop (3, 3, 'saturation') tokens 4139
ho_internal_03 stop (8, 8, 'hard_cap') tokens 12516
ho_internal_04 stop (8, 8, 'hard_cap') tokens 7543
ho_internal_05 stop (3, 3, 'saturation') tokens 3095
ho_internal_06 stop (3, 3, 'saturation') tokens 1975
ho_education_01 stop (3, 3, 'saturation') tokens 2599
ho_education_02 stop (3, 3, 'saturation') tokens 1928
ho_education_03 stop (3, 3, 'saturation') tokens 3803
ho_education_04 stop (7, 7, 'equilibrium_d_r') tokens 10301
ho_education_05 stop (3, 3, 'saturation') tokens 3221
ho_education_06 stop (3, 3, 'saturation') tokens 2886
ho_hr_01 stop (3, 3, 'saturation') tokens 4213
ho_hr_02 stop (3, 3, 'saturation') tokens 1917
ho_hr_03 stop (3, 3, 'saturation') tokens 2340
ho_hr_04 stop (6, 6, 'equilibrium_d_r') tokens 5026
ho_hr_05 stop (3, 3, 'saturation') tokens 2560
ho_hr_06 stop (8, 8, 'hard_cap') tokens 8718
ho_pr_media_01 stop (8, 8, 'hard_cap') tokens 7874
ho_pr_media_02 stop (3, 3, 'saturation') tokens 2168
ho_pr_media_03 stop (5, 5, 'equilibrium_d_r') tokens 6129
ho_pr_media_04 stop (8, 8, 'hard_cap') tokens 7175
ho_pr_media_05 stop (3, 3, 'saturation') tokens 2933
ho_pr_media_06 stop (3, 3, 'saturation') tokens 2155
DONE
